// Jest Snapshot v1, https://goo.gl/fbAQLP

exports[`Render Router 1`] = `
<BrowserRouter>
  <div
    data-loaded={false}
    data-loading={false}
    id="Router"
    onClick={[Function]}
  >
    <Connect(Header) />
    <Switch>
      <Route
        component={[Function]}
        exact={true}
        path="/"
      />
      <Route
        component={[Function]}
        exact={true}
        path="/login"
      />
      <Route
        component={[Function]}
        exact={true}
        path="/register"
      />
      <Route
        component={[Function]}
        exact={true}
        path="/dashboard"
      />
      <Route
        component={[Function]}
        exact={true}
        path="/watch"
      />
      <Route
        component={[Function]}
        exact={true}
        path="/account"
      />
      <Route
        component={[Function]}
        path="/*"
      />
    </Switch>
    <Footer />
  </div>
</BrowserRouter>
`;
